2026-06-08 03:31:56 | INFO     | config: [2] default-config.yaml
2026-06-08 03:31:56 | DEBUG    | Configuration loaded from config\default-config.yaml
2026-06-08 03:31:56 | DEBUG    | Output directory: C:\Users\AOI\Documents\project\RunnerScript\a-20260608_033156
2026-06-08 03:31:56 | INFO     | Project: a
2026-06-08 03:31:56 | INFO     | Output directory: C:\Users\AOI\Documents\project\RunnerScript\a-20260608_033156
2026-06-08 03:32:02 | INFO     | config: [1] cc.yaml
2026-06-08 03:32:02 | DEBUG    | Configuration loaded from config\cc.yaml
2026-06-08 03:32:02 | DEBUG    | Output directory: C:\Users\AOI\Documents\project\RunnerScript\a-20260608_033202
2026-06-08 03:32:02 | INFO     | Project: a
2026-06-08 03:32:02 | INFO     | Output directory: C:\Users\AOI\Documents\project\RunnerScript\a-20260608_033202
2026-06-08 03:42:40 | ERROR    | Fatal error: 'WindowsPath' object is not callable
2026-06-08 03:43:02 | ERROR    | Fatal error: 'WindowsPath' object is not callable
2026-06-08 03:46:06 | INFO     | config: [1] C:\Users\AOI\Documents\project\RunnerScript\config\cc.yaml
2026-06-08 03:46:06 | DEBUG    | Configuration loaded from C:\Users\AOI\Documents\project\RunnerScript\config\cc.yaml
2026-06-08 03:46:06 | DEBUG    | Output directory: C:\Users\AOI\Documents\project\RunnerScript\a-20260608_034606
2026-06-08 03:46:06 | INFO     | Project: a
2026-06-08 03:46:06 | INFO     | Output directory: C:\Users\AOI\Documents\project\RunnerScript\a-20260608_034606
2026-06-08 03:47:45 | INFO     | config: [1] C:\Users\AOI\Documents\project\RunnerScript\config\cc.yaml
2026-06-08 03:47:45 | INFO     | Project: a
2026-06-08 03:47:45 | INFO     | Output directory: C:\Users\AOI\Documents\project\RunnerScript\a-20260608_034745
